---
source: crates/kodo_parser/src/tests.rs
expression: module
---
Module {
    id: NodeId(
        1,
    ),
    span: Span {
        start: 0,
        end: 119,
    },
    name: "test",
    imports: [],
    meta: None,
    type_aliases: [],
    type_decls: [
        TypeDecl {
            id: NodeId(
                0,
            ),
            span: Span {
                start: 26,
                end: 109,
            },
            name: "Point",
            generic_params: [],
            fields: [
                FieldDef {
                    name: "x",
                    ty: Named(
                        "Float64",
                    ),
                    span: Span {
                        start: 57,
                        end: 67,
                    },
                },
                FieldDef {
                    name: "y",
                    ty: Named(
                        "Float64",
                    ),
                    span: Span {
                        start: 85,
                        end: 95,
                    },
                },
            ],
        },
    ],
    enum_decls: [],
    trait_decls: [],
    impl_blocks: [],
    actor_decls: [],
    intent_decls: [],
    functions: [],
}
