---
source: crates/kodo_parser/src/lib.rs
expression: module
---
Module {
    id: NodeId(
        1,
    ),
    span: Span {
        start: 0,
        end: 186,
    },
    name: "test",
    imports: [],
    meta: None,
    type_decls: [],
    enum_decls: [
        EnumDecl {
            id: NodeId(
                0,
            ),
            span: Span {
                start: 30,
                end: 172,
            },
            name: "Shape",
            generic_params: [],
            variants: [
                EnumVariant {
                    name: "Circle",
                    fields: [
                        Named(
                            "Float64",
                        ),
                    ],
                    span: Span {
                        start: 63,
                        end: 78,
                    },
                },
                EnumVariant {
                    name: "Rectangle",
                    fields: [
                        Named(
                            "Float64",
                        ),
                        Named(
                            "Float64",
                        ),
                    ],
                    span: Span {
                        start: 100,
                        end: 127,
                    },
                },
                EnumVariant {
                    name: "Point",
                    fields: [],
                    span: Span {
                        start: 149,
                        end: 154,
                    },
                },
            ],
        },
    ],
    trait_decls: [],
    impl_blocks: [],
    actor_decls: [],
    intent_decls: [],
    functions: [],
}
