---
source: crates/kodo_lsp/src/completion.rs
expression: "labels.join(\"\\n\")"
---
[enum] Color
[field] x
[field] y
[fn] abs
[fn] add
[fn] clamp
[fn] file_exists
[fn] file_read
[fn] file_write
[fn] json_get_array
[fn] json_get_bool
[fn] json_get_float
[fn] json_stringify
[fn] list_contains
[fn] list_get
[fn] list_is_empty
[fn] list_length
[fn] list_new
[fn] list_pop
[fn] list_push
[fn] list_remove
[fn] list_reverse
[fn] list_set
[fn] map_contains_key
[fn] map_get
[fn] map_insert
[fn] map_is_empty
[fn] map_length
[fn] map_new
[fn] map_remove
[fn] max
[fn] min
[fn] print
[fn] print_int
[fn] println
[method] add
[method] contains
[method] contains
[method] contains
[method] contains_key
[method] difference
[method] ends_with
[method] entries
[method] filter
[method] get
[method] get
[method] insert
[method] intersection
[method] is_empty
[method] is_empty
[method] is_empty
[method] keys
[method] length
[method] length
[method] length
[method] length
[method] merge
[method] pop
[method] push
[method] remove
[method] remove
[method] remove
[method] reverse
[method] set
[method] slice
[method] starts_with
[method] substring
[method] to_lower
[method] to_string
[method] to_upper
[method] trim
[method] union
[method] values
[other] async
[other] await
[other] else
[other] ensures
[other] enum
[other] fn
[other] for
[other] if
[other] impl
[other] import
[other] let
[other] match
[other] meta
[other] module
[other] mut
[other] own
[other] pub
[other] ref
[other] requires
[other] return
[other] spawn
[other] struct
[other] trait
[other] while
[struct] Point
