---
source: crates/kodo_lsp/src/completion.rs
expression: "labels.join(\"\\n\")"
---
[enum] Color
[field] x
[field] y
[fn] abs
[fn] add
[fn] clamp
[fn] file_exists
[fn] file_read
[fn] file_write
[fn] json_get_array
[fn] json_get_bool
[fn] json_get_float
[fn] json_stringify
[fn] list_contains
[fn] list_get
[fn] list_is_empty
[fn] list_length
[fn] list_new
[fn] list_pop
[fn] list_push
[fn] list_remove
[fn] list_reverse
[fn] list_set
[fn] map_contains_key
[fn] map_get
[fn] map_insert
[fn] map_is_empty
[fn] map_length
[fn] map_new
[fn] map_remove
[fn] max
[fn] min
[fn] print
[fn] print_int
[fn] println
[method] contains
[method] ends_with
[method] length
[method] starts_with
[method] substring
[method] to_lower
[method] to_string
[method] to_upper
[method] trim
[struct] Point
